// Jest Snapshot v1, https://goo.gl/fbAQLP

exports[`Panel Match Snapshot 1`] = `
<div>
  <div
    class="MuiPaper-root MuiPaper-elevation MuiPaper-rounded MuiPaper-elevation1 css-8cur7s-MuiPaper-root"
  >
    Test
  </div>
</div>
`;
